// Jest Snapshot v1, https://goo.gl/fbAQLP

exports[`React Testing Library - The Todolist item Test rendering the Todolist item 1`] = `"<div><h1>Super Simple Todo List</h1><form><label for=\\"description\\">Description</label><input type=\\"text\\" id=\\"description\\" value=\\"\\"><button>Click to Add</button></form><div><div class=\\"flex\\"><div class=\\"flexStatus\\">N</div><div class=\\"flexDescription\\">Sample Todo Item</div></div><div class=\\"flex\\"><div class=\\"flexStatus\\">N</div><div class=\\"flexDescription\\">Sample Todo Item 2</div></div></div></div>"`;
